// Jest Snapshot v1, https://goo.gl/fbAQLP

exports[`Test in <EventDeleteFab /> should be displayed correctly 1`] = `
<button
  className="btn btn-danger fab-danger"
  onClick={[Function]}
>
  <i
    className="fas fa-trash"
  />
  <span>
     Borrar evento 
  </span>
</button>
`;
